
	QOR statistics summary
	----------------------


        Metric         global_map.low_effort global_map.medium_effort %diff 
----------------------------------------------------------------------------
WNS.func_clk           -1631.6               -453.0                   72.24 
WNS.default            no_value              no_value                 n/a   
TNS.func_clk           1631                  453                      72.23 
TNS.default            0                     0                        n/a   
overall_WNS            -1631.6               -453.0                   72.24 
overall_TNS            1631                  453                      72.23 
Violating_paths        1                     1                        0.0   
runtime                1.00                  1.00                     0.0   
memory                 30.83                 16.16                    47.58 
Leakage_power          n/a                   n/a                      n/a   
Net_power              n/a                   n/a                      n/a   
Internal_power         n/a                   n/a                      n/a   
Clock_gating_instances n/a                   n/a                      n/a   
total_net_length       n/a                   n/a                      n/a   
average_net_length     n/a                   n/a                      n/a   
routing_congestion     n/a                   n/a                      n/a   
utilization            0.0                   0.0                      n/a   
Inverter_count         20                    1                        95.00 
Buffer_count           11                    0                        n/a   
timing_model_count     0                     0                        n/a   
sequential_count       16                    16                       0.0   
unresolved_count       0                     0                        n/a   
logic_count            57                    71                       24.56 
Total_area             291.85                262.31                   10.12 
Cell_area              291.85                262.31                   10.12 
Net_area               0.00                  0.00                     n/a   


